******************************************************************************
                  TI ARM Linker PC v18.12.4                    
******************************************************************************
>> Linked Thu Apr  9 04:27:21 2020

OUTPUT FILE NAME:   <GPIO_Interrupts_NVIC_Driver.out>
ENTRY POINT SYMBOL: "_c_int00_noargs"  address: 000012d9


MEMORY CONFIGURATION

         name            origin    length      used     unused   attr    fill
----------------------  --------  ---------  --------  --------  ----  --------
  FLASH                 00000000   00040000  0000137a  0003ec86  R  X
  SRAM                  20000000   00008000  00000246  00007dba  RW X


SEGMENT ALLOCATION MAP

run origin  load origin   length   init length attrs members
----------  ----------- ---------- ----------- ----- -------
00000000    00000000    00001380   00001380    r-x
  00000000    00000000    0000026c   0000026c    r-- .intvecs
  0000026c    0000026c    000010de   000010de    r-x .text
  00001350    00001350    00000030   00000030    r-- .cinit
20000000    20000000    00000246   00000000    rw-
  20000000    20000000    00000200   00000000    rw- .stack
  20000200    20000200    00000040   00000000    rw- .bss
  20000240    20000240    00000006   00000000    rw- .data


SECTION ALLOCATION MAP

 output                                  attributes/
section   page    origin      length       input sections
--------  ----  ----------  ----------   ----------------
.intvecs   0    00000000    0000026c     
                  00000000    0000026c     tm4c123gh6pm_startup_ccs.obj (.intvecs)

.text      0    0000026c    000010de     
                  0000026c    00000b90     GPIO.obj (.text)
                  00000dfc    000002a8     NVIC.obj (.text)
                  000010a4    000000ec     main.obj (.text)
                  00001190    0000009c     rtsv7M4_T_le_v4SPD16_eabi.lib : memcpy_t2.asm.obj (.text)
                  0000122c    00000068                                   : copy_decompress_lzss.c.obj (.text:decompress:lzss:__TI_decompress_lzss)
                  00001294    00000044                                   : autoinit.c.obj (.text:__TI_auto_init_nobinit_nopinit:__TI_auto_init_nobinit_nopinit)
                  000012d8    00000034                                   : boot_cortex_m.c.obj (.text:_c_int00_noargs:_c_int00_noargs)
                  0000130c    0000001c                                   : copy_zero_init.c.obj (.text:decompress:ZI:__TI_zero_init_nomemset:__TI_zero_init_nomemset)
                  00001328    0000000e                                   : copy_decompress_none.c.obj (.text:decompress:none:__TI_decompress_none)
                  00001336    0000000c     tm4c123gh6pm_startup_ccs.obj (.text)
                  00001342    00000004     rtsv7M4_T_le_v4SPD16_eabi.lib : pre_init.c.obj (.text:_system_pre_init)
                  00001346    00000004                                   : exit.c.obj (.text:abort:abort)

.cinit     0    00001350    00000030     
                  00001350    0000000c     (__TI_handler_table)
                  0000135c    00000004     --HOLE-- [fill = 0]
                  00001360    00000008     (.cinit..bss.load) [load image, compression = zero_init]
                  00001368    00000007     (.cinit..data.load) [load image, compression = lzss]
                  0000136f    00000001     --HOLE-- [fill = 0]
                  00001370    00000010     (__TI_cinit_table)

.init_array 
*          0    00000000    00000000     UNINITIALIZED

.bss       0    20000200    00000040     UNINITIALIZED
                  20000200    00000020     GPIO.obj (.bss:PORTE_interrupt_bits)
                  20000220    00000020     GPIO.obj (.bss:PORTF_interrupt_bits)

.data      0    20000240    00000006     UNINITIALIZED
                  20000240    00000006     GPIO.obj (.data:BusSelection)

.stack     0    20000000    00000200     UNINITIALIZED
                  20000000    00000004     rtsv7M4_T_le_v4SPD16_eabi.lib : boot_cortex_m.c.obj (.stack)
                  20000004    000001fc     --HOLE--

MODULE SUMMARY

       Module                         code   ro data   rw data
       ------                         ----   -------   -------
    .\
       GPIO.obj                       2960   0         70     
       NVIC.obj                       680    0         0      
       tm4c123gh6pm_startup_ccs.obj   12     620       0      
       main.obj                       236    0         0      
    +--+------------------------------+------+---------+---------+
       Total:                         3888   620       70     
                                                              
    C:\ti\ccs920\ccs\tools\compiler\ti-cgt-arm_18.12.4.LTS\lib\rtsv7M4_T_le_v4SPD16_eabi.lib
       memcpy_t2.asm.obj              156    0         0      
       copy_decompress_lzss.c.obj     104    0         0      
       autoinit.c.obj                 68     0         0      
       boot_cortex_m.c.obj            52     0         0      
       copy_zero_init.c.obj           28     0         0      
       copy_decompress_none.c.obj     14     0         0      
       exit.c.obj                     4      0         0      
       pre_init.c.obj                 4      0         0      
    +--+------------------------------+------+---------+---------+
       Total:                         430    0         0      
                                                              
       Stack:                         0      0         512    
       Linker Generated:              0      43        0      
    +--+------------------------------+------+---------+---------+
       Grand Total:                   4318   663       582    


LINKER GENERATED COPY TABLES

__TI_cinit_table @ 00001370 records: 2, size/record: 8, table size: 16
	.bss: load addr=00001360, load size=00000008 bytes, run addr=20000200, run size=00000040 bytes, compression=zero_init
	.data: load addr=00001368, load size=00000007 bytes, run addr=20000240, run size=00000006 bytes, compression=lzss


LINKER GENERATED HANDLER TABLE

__TI_handler_table @ 00001350 records: 3, size/record: 4, table size: 12
	index: 0, handler: __TI_decompress_lzss
	index: 1, handler: __TI_decompress_none
	index: 2, handler: __TI_zero_init


GLOBAL SYMBOLS: SORTED ALPHABETICALLY BY Name 

address   name                          
-------   ----                          
00001347  C$$EXIT                       
000002dd  GPIOBusGet                    
0000026d  GPIOBusSet                    
00000571  GPIOClockGet                  
00000539  GPIOClockReset                
00000501  GPIOClockSet                  
0000040d  GPIODirectionGet              
0000030d  GPIODirectionModeSet          
00000c89  GPIOE_ISR                     
00000b51  GPIOF_ISR                     
00000487  GPIOModeGet                   
0000071f  GPIORead                      
00000793  GPIOWrite                     
00000819  GPIO_ConfigInterrupt          
000005b9  GPIO_PadSet                   
00000ae1  GPIO_SetIntHandler            
00000ee7  NVIC_ClearPending             
00000e4b  NVIC_Disable                  
00000dfd  NVIC_Enable                   
00000f85  NVIC_GetActiveState           
00000f35  NVIC_GetPending               
00001033  NVIC_GetPriority              
00000e99  NVIC_SetPending               
00000fd5  NVIC_SetPriority              
00001159  PORTE_BIT3_Handler            
00001133  PORTF_BIT4_Handler            
00001337  ResetISR                      
20000200  __STACK_END                   
00000200  __STACK_SIZE                  
20000200  __STACK_TOP                   
00001370  __TI_CINIT_Base               
00001380  __TI_CINIT_Limit              
00001350  __TI_Handler_Table_Base       
0000135c  __TI_Handler_Table_Limit      
00001295  __TI_auto_init_nobinit_nopinit
0000122d  __TI_decompress_lzss          
00001329  __TI_decompress_none          
ffffffff  __TI_pprof_out_hndl           
ffffffff  __TI_prof_data_size           
ffffffff  __TI_prof_data_start          
00000000  __TI_static_base__            
0000130d  __TI_zero_init_nomemset       
00001191  __aeabi_memcpy                
00001191  __aeabi_memcpy4               
00001191  __aeabi_memcpy8               
ffffffff  __binit__                     
ffffffff  __c_args__                    
UNDEFED   __mpu_init                    
20000000  __stack                       
000012d9  _c_int00_noargs               
UNDEFED   _system_post_cinit            
00001343  _system_pre_init              
00001347  abort                         
ffffffff  binit                         
00000000  g_pfnVectors                  
000010a5  main                          
00001191  memcpy                        


GLOBAL SYMBOLS: SORTED BY Symbol Address 

address   name                          
-------   ----                          
00000000  __TI_static_base__            
00000000  g_pfnVectors                  
00000200  __STACK_SIZE                  
0000026d  GPIOBusSet                    
000002dd  GPIOBusGet                    
0000030d  GPIODirectionModeSet          
0000040d  GPIODirectionGet              
00000487  GPIOModeGet                   
00000501  GPIOClockSet                  
00000539  GPIOClockReset                
00000571  GPIOClockGet                  
000005b9  GPIO_PadSet                   
0000071f  GPIORead                      
00000793  GPIOWrite                     
00000819  GPIO_ConfigInterrupt          
00000ae1  GPIO_SetIntHandler            
00000b51  GPIOF_ISR                     
00000c89  GPIOE_ISR                     
00000dfd  NVIC_Enable                   
00000e4b  NVIC_Disable                  
00000e99  NVIC_SetPending               
00000ee7  NVIC_ClearPending             
00000f35  NVIC_GetPending               
00000f85  NVIC_GetActiveState           
00000fd5  NVIC_SetPriority              
00001033  NVIC_GetPriority              
000010a5  main                          
00001133  PORTF_BIT4_Handler            
00001159  PORTE_BIT3_Handler            
00001191  __aeabi_memcpy                
00001191  __aeabi_memcpy4               
00001191  __aeabi_memcpy8               
00001191  memcpy                        
0000122d  __TI_decompress_lzss          
00001295  __TI_auto_init_nobinit_nopinit
000012d9  _c_int00_noargs               
0000130d  __TI_zero_init_nomemset       
00001329  __TI_decompress_none          
00001337  ResetISR                      
00001343  _system_pre_init              
00001347  C$$EXIT                       
00001347  abort                         
00001350  __TI_Handler_Table_Base       
0000135c  __TI_Handler_Table_Limit      
00001370  __TI_CINIT_Base               
00001380  __TI_CINIT_Limit              
20000000  __stack                       
20000200  __STACK_END                   
20000200  __STACK_TOP                   
ffffffff  __TI_pprof_out_hndl           
ffffffff  __TI_prof_data_size           
ffffffff  __TI_prof_data_start          
ffffffff  __binit__                     
ffffffff  __c_args__                    
ffffffff  binit                         
UNDEFED   __mpu_init                    
UNDEFED   _system_post_cinit            

[57 symbols]
