******************************************************************************
                  TI ARM Linker PC v18.12.4                    
******************************************************************************
>> Linked Thu Apr 23 08:41:46 2020

OUTPUT FILE NAME:   <UART_Driver.out>
ENTRY POINT SYMBOL: "_c_int00_noargs"  address: 00002c85


MEMORY CONFIGURATION

         name            origin    length      used     unused   attr    fill
----------------------  --------  ---------  --------  --------  ----  --------
  FLASH                 00000000   00040000  00002dce  0003d232  R  X
  SRAM                  20000000   00008000  000007c4  0000783c  RW X


SEGMENT ALLOCATION MAP

run origin  load origin   length   init length attrs members
----------  ----------- ---------- ----------- ----- -------
00000000    00000000    00002dd0   00002dd0    r-x
  00000000    00000000    0000026c   0000026c    r-- .intvecs
  0000026c    0000026c    00002aaa   00002aaa    r-x .text
  00002d18    00002d18    00000020   00000020    r-- .const
  00002d38    00002d38    00000098   00000098    r-- .cinit
20000000    20000000    000007c8   00000000    rw-
  20000000    20000000    00000394   00000000    rw- .data
  20000394    20000394    00000230   00000000    rw- .bss
  200005c8    200005c8    00000200   00000000    rw- .stack


SECTION ALLOCATION MAP

 output                                  attributes/
section   page    origin      length       input sections
--------  ----  ----------  ----------   ----------------
.intvecs   0    00000000    0000026c     
                  00000000    0000026c     tm4c123gh6pm_startup_ccs.obj (.intvecs)

.text      0    0000026c    00002aaa     
                  0000026c    00000d94     GPTM.obj (.text)
                  00001000    00000c78     GPIO.obj (.text)
                  00001c78    00000874     UART.obj (.text)
                  000024ec    000002ac     NVIC.obj (.text)
                  00002798    00000136     rtsv7M4_T_le_v4SPD16_eabi.lib : fd_div_t2.asm.obj (.text)
                  000028ce    00000002     --HOLE-- [fill = 0]
                  000028d0    0000012c     main.obj (.text)
                  000029fc    000000fc     rtsv7M4_T_le_v4SPD16_eabi.lib : fd_mul_t2.asm.obj (.text)
                  00002af8    0000009c                                   : memcpy_t2.asm.obj (.text)
                  00002b94    00000068                                   : copy_decompress_lzss.c.obj (.text:decompress:lzss:__TI_decompress_lzss)
                  00002bfc    00000044                                   : autoinit.c.obj (.text:__TI_auto_init_nobinit_nopinit:__TI_auto_init_nobinit_nopinit)
                  00002c40    00000044                                   : fd_tou_t2.asm.obj (.text)
                  00002c84    00000034                                   : boot_cortex_m.c.obj (.text:_c_int00_noargs:_c_int00_noargs)
                  00002cb8    00000020                                   : u_tofd_t2.asm.obj (.text)
                  00002cd8    0000001c                                   : copy_zero_init.c.obj (.text:decompress:ZI:__TI_zero_init_nomemset:__TI_zero_init_nomemset)
                  00002cf4    0000000e                                   : copy_decompress_none.c.obj (.text:decompress:none:__TI_decompress_none)
                  00002d02    0000000c     tm4c123gh6pm_startup_ccs.obj (.text)
                  00002d0e    00000004     rtsv7M4_T_le_v4SPD16_eabi.lib : pre_init.c.obj (.text:_system_pre_init)
                  00002d12    00000004                                   : exit.c.obj (.text:abort:abort)

.const     0    00002d18    00000020     
                  00002d18    00000020     main.obj (.const:.string)

.cinit     0    00002d38    00000098     
                  00002d38    00000071     (.cinit..data.load) [load image, compression = lzss]
                  00002da9    00000003     --HOLE-- [fill = 0]
                  00002dac    0000000c     (__TI_handler_table)
                  00002db8    00000008     (.cinit..bss.load) [load image, compression = zero_init]
                  00002dc0    00000010     (__TI_cinit_table)

.init_array 
*          0    00000000    00000000     UNINITIALIZED

.data      0    20000000    00000394     UNINITIALIZED
                  20000000    000001e0     GPTM.obj (.data:all_ptrs)
                  200001e0    00000100     UART.obj (.data:all_ptrs)
                  200002e0    00000065     main.obj (.data:buffer)
                  20000345    00000003     --HOLE--
                  20000348    00000020     UART.obj (.data:UART_BuadRates)
                  20000368    00000018     GPTM.obj (.data:TIMER_NVICVectors)
                  20000380    00000008     UART.obj (.data:UART_NVICVectors)
                  20000388    00000006     GPIO.obj (.data:BusSelection)
                  2000038e    00000002     --HOLE--
                  20000390    00000004     main.obj (.data)

.bss       0    20000394    00000230     UNINITIALIZED
                  20000394    00000020     GPIO.obj (.bss:PORTE_interrupt_bits)
                  200003b4    00000020     GPIO.obj (.bss:PORTF_interrupt_bits)
                  200003d4    00000020     UART.obj (.bss:UART0_interrupt_sources)
                  200003f4    00000020     UART.obj (.bss:UART1_interrupt_sources)
                  20000414    00000020     UART.obj (.bss:UART2_interrupt_sources)
                  20000434    00000020     UART.obj (.bss:UART3_interrupt_sources)
                  20000454    00000020     UART.obj (.bss:UART4_interrupt_sources)
                  20000474    00000020     UART.obj (.bss:UART5_interrupt_sources)
                  20000494    00000020     UART.obj (.bss:UART6_interrupt_sources)
                  200004b4    00000020     UART.obj (.bss:UART7_interrupt_sources)
                  200004d4    00000014     GPTM.obj (.bss:TIMER0A_interrupt_sources)
                  200004e8    00000014     GPTM.obj (.bss:TIMER0B_interrupt_sources)
                  200004fc    00000014     GPTM.obj (.bss:TIMER1A_interrupt_sources)
                  20000510    00000014     GPTM.obj (.bss:TIMER1B_interrupt_sources)
                  20000524    00000014     GPTM.obj (.bss:TIMER2A_interrupt_sources)
                  20000538    00000014     GPTM.obj (.bss:TIMER2B_interrupt_sources)
                  2000054c    00000014     GPTM.obj (.bss:TIMER3A_interrupt_sources)
                  20000560    00000014     GPTM.obj (.bss:TIMER3B_interrupt_sources)
                  20000574    00000014     GPTM.obj (.bss:TIMER4A_interrupt_sources)
                  20000588    00000014     GPTM.obj (.bss:TIMER4B_interrupt_sources)
                  2000059c    00000014     GPTM.obj (.bss:TIMER5A_interrupt_sources)
                  200005b0    00000014     GPTM.obj (.bss:TIMER5B_interrupt_sources)

.stack     0    200005c8    00000200     UNINITIALIZED
                  200005c8    00000004     rtsv7M4_T_le_v4SPD16_eabi.lib : boot_cortex_m.c.obj (.stack)
                  200005cc    000001fc     --HOLE--

MODULE SUMMARY

       Module                         code    ro data   rw data
       ------                         ----    -------   -------
    .\
       GPTM.obj                       3476    0         744    
       GPIO.obj                       3192    0         70     
       UART.obj                       2164    0         552    
       NVIC.obj                       684     0         0      
       tm4c123gh6pm_startup_ccs.obj   12      620       0      
       main.obj                       300     32        105    
    +--+------------------------------+-------+---------+---------+
       Total:                         9828    652       1471   
                                                               
    C:\ti\ccs920\ccs\tools\compiler\ti-cgt-arm_18.12.4.LTS\lib\rtsv7M4_T_le_v4SPD16_eabi.lib
       fd_div_t2.asm.obj              310     0         0      
       fd_mul_t2.asm.obj              252     0         0      
       memcpy_t2.asm.obj              156     0         0      
       copy_decompress_lzss.c.obj     104     0         0      
       autoinit.c.obj                 68      0         0      
       fd_tou_t2.asm.obj              68      0         0      
       boot_cortex_m.c.obj            52      0         0      
       u_tofd_t2.asm.obj              32      0         0      
       copy_zero_init.c.obj           28      0         0      
       copy_decompress_none.c.obj     14      0         0      
       exit.c.obj                     4       0         0      
       pre_init.c.obj                 4       0         0      
    +--+------------------------------+-------+---------+---------+
       Total:                         1092    0         0      
                                                               
       Stack:                         0       0         512    
       Linker Generated:              0       149       0      
    +--+------------------------------+-------+---------+---------+
       Grand Total:                   10920   801       1983   


LINKER GENERATED COPY TABLES

__TI_cinit_table @ 00002dc0 records: 2, size/record: 8, table size: 16
	.data: load addr=00002d38, load size=00000071 bytes, run addr=20000000, run size=00000394 bytes, compression=lzss
	.bss: load addr=00002db8, load size=00000008 bytes, run addr=20000394, run size=00000230 bytes, compression=zero_init


LINKER GENERATED HANDLER TABLE

__TI_handler_table @ 00002dac records: 3, size/record: 4, table size: 12
	index: 0, handler: __TI_decompress_lzss
	index: 1, handler: __TI_decompress_none
	index: 2, handler: __TI_zero_init


GLOBAL SYMBOLS: SORTED ALPHABETICALLY BY Name 

address   name                                 
-------   ----                                 
00002d13  C$$EXIT                              
00000799  FANCYTIMER_ECOUNT_SetEventsNumber    
0000089d  FANCYTIMER_ETIME_Configure           
000005f3  FANCYTIMER_ONESHOT_SetMatchSeconds   
00000569  FANCYTIMER_ONESHOT_SetTimeoutSeconds 
00000707  FANCYTIMER_PERIODIC_SetMatchSeconds  
0000067d  FANCYTIMER_PERIODIC_SetTimeoutSeconds
00000913  FANCYTIMER_PWM_SetDutyCycle          
00001071  GPIOBusGet                           
00001001  GPIOBusSet                           
000012f7  GPIOClockGet                         
000012bf  GPIOClockReset                       
00001287  GPIOClockSet                         
000011a7  GPIODirectionGet                     
000010a1  GPIODirectionModeSet                 
00001b05  GPIOE_ISR                            
000019cd  GPIOF_ISR                            
00001217  GPIOModeGet                          
00001461  GPIORead                             
000014d5  GPIOWrite                            
00001699  GPIO_ConfigInterrupt                 
000015cd  GPIO_ConfigPCTLMux                   
00001555  GPIO_EnableAnalogFunction            
0000133d  GPIO_PadSet                          
0000195b  GPIO_SetIntHandler                   
000025d9  NVIC_ClearPending                    
0000253d  NVIC_Disable                         
000024ef  NVIC_Enable                          
00002677  NVIC_GetActiveState                  
00002627  NVIC_GetPending                      
00002725  NVIC_GetPriority                     
000024ed  NVIC_SetISR                          
0000258b  NVIC_SetPending                      
000026c7  NVIC_SetPriority                     
00002d03  ResetISR                             
00000d7d  TIMER0A_ISR                          
00000ddd  TIMER0B_ISR                          
00000e43  TIMER2A_ISR                          
00000ea3  TIMER2B_ISR                          
00000f09  TIMER5A_ISR                          
00000f69  TIMER5B_ISR                          
00000ae5  TIMER_ConfigCCP                      
00000a89  TIMER_ConfigEdgeDetection            
000004bb  TIMER_DisableInterrupt               
00000bf3  TIMER_DisableSnapshot                
00000a4f  TIMER_DisableWaitForTrigger          
000003b3  TIMER_EnableAndSetIntISR             
00000bb9  TIMER_EnableSnapshot                 
00000a15  TIMER_EnableWaitForTrigger           
00000d2b  TIMER_GetSnapshot                    
0000026d  TIMER_Init                           
00000c2d  TIMER_SetIntervalLoad                
00000cb3  TIMER_SetMatch                       
00000c69  TIMER_SetPrescalar                   
00000cf1  TIMER_SetPrescalerMatch              
00000ca3  TIMER_SetUpdateTime                  
00000b41  TIMER_Start                          
00000b7d  TIMER_Stop                           
0000237f  UART3_ISR                            
00002423  UART7_ISR                            
00001cbb  UART_ConfigBuadRate                  
00001f0d  UART_ConfigEnableFIFO                
00002011  UART_ConfigEnableHighSpeed           
00001f4d  UART_ConfigEnableLoopBack            
00001fcd  UART_ConfigEnableLowPowerModeSIR     
00001e6d  UART_ConfigEnableModule              
00001ed3  UART_ConfigEnableRx                  
00001f8d  UART_ConfigEnableSIR                 
00001e99  UART_ConfigEnableTx                  
00001dbb  UART_ConfigFrame                     
00002275  UART_DisableInterrupt                
000021f5  UART_EnableAndSetIntISR              
000022db  UART_GetEnableFIFO                   
000022bd  UART_GetFlag                         
000029bb  UART_Handler                         
00001c79  UART_Init                            
00002341  UART_Receive                         
000022f9  UART_Send                            
00002061  UART_SendBreak                       
00002197  UART_SetClockSource                  
0000212f  UART_SetSelfAddress                  
00002163  UART_SetSelfAddressMask              
000020b3  UART_SetTriggerFIFO                  
200007c8  __STACK_END                          
00000200  __STACK_SIZE                         
200007c8  __STACK_TOP                          
00002dc0  __TI_CINIT_Base                      
00002dd0  __TI_CINIT_Limit                     
00002dac  __TI_Handler_Table_Base              
00002db8  __TI_Handler_Table_Limit             
00002bfd  __TI_auto_init_nobinit_nopinit       
00002b95  __TI_decompress_lzss                 
00002cf5  __TI_decompress_none                 
ffffffff  __TI_pprof_out_hndl                  
ffffffff  __TI_prof_data_size                  
ffffffff  __TI_prof_data_start                 
00000000  __TI_static_base__                   
00002cd9  __TI_zero_init_nomemset              
00002c41  __aeabi_d2uiz                        
00002799  __aeabi_ddiv                         
000029fd  __aeabi_dmul                         
00002af9  __aeabi_memcpy                       
00002af9  __aeabi_memcpy4                      
00002af9  __aeabi_memcpy8                      
00002cb9  __aeabi_ui2d                         
ffffffff  __binit__                            
ffffffff  __c_args__                           
UNDEFED   __mpu_init                           
200005c8  __stack                              
00002c85  _c_int00_noargs                      
UNDEFED   _system_post_cinit                   
00002d0f  _system_pre_init                     
00002d13  abort                                
ffffffff  binit                                
200002e0  buffer                               
00000000  g_pfnVectors                         
000028d1  main                                 
00002af9  memcpy                               
20000390  string                               


GLOBAL SYMBOLS: SORTED BY Symbol Address 

address   name                                 
-------   ----                                 
00000000  __TI_static_base__                   
00000000  g_pfnVectors                         
00000200  __STACK_SIZE                         
0000026d  TIMER_Init                           
000003b3  TIMER_EnableAndSetIntISR             
000004bb  TIMER_DisableInterrupt               
00000569  FANCYTIMER_ONESHOT_SetTimeoutSeconds 
000005f3  FANCYTIMER_ONESHOT_SetMatchSeconds   
0000067d  FANCYTIMER_PERIODIC_SetTimeoutSeconds
00000707  FANCYTIMER_PERIODIC_SetMatchSeconds  
00000799  FANCYTIMER_ECOUNT_SetEventsNumber    
0000089d  FANCYTIMER_ETIME_Configure           
00000913  FANCYTIMER_PWM_SetDutyCycle          
00000a15  TIMER_EnableWaitForTrigger           
00000a4f  TIMER_DisableWaitForTrigger          
00000a89  TIMER_ConfigEdgeDetection            
00000ae5  TIMER_ConfigCCP                      
00000b41  TIMER_Start                          
00000b7d  TIMER_Stop                           
00000bb9  TIMER_EnableSnapshot                 
00000bf3  TIMER_DisableSnapshot                
00000c2d  TIMER_SetIntervalLoad                
00000c69  TIMER_SetPrescalar                   
00000ca3  TIMER_SetUpdateTime                  
00000cb3  TIMER_SetMatch                       
00000cf1  TIMER_SetPrescalerMatch              
00000d2b  TIMER_GetSnapshot                    
00000d7d  TIMER0A_ISR                          
00000ddd  TIMER0B_ISR                          
00000e43  TIMER2A_ISR                          
00000ea3  TIMER2B_ISR                          
00000f09  TIMER5A_ISR                          
00000f69  TIMER5B_ISR                          
00001001  GPIOBusSet                           
00001071  GPIOBusGet                           
000010a1  GPIODirectionModeSet                 
000011a7  GPIODirectionGet                     
00001217  GPIOModeGet                          
00001287  GPIOClockSet                         
000012bf  GPIOClockReset                       
000012f7  GPIOClockGet                         
0000133d  GPIO_PadSet                          
00001461  GPIORead                             
000014d5  GPIOWrite                            
00001555  GPIO_EnableAnalogFunction            
000015cd  GPIO_ConfigPCTLMux                   
00001699  GPIO_ConfigInterrupt                 
0000195b  GPIO_SetIntHandler                   
000019cd  GPIOF_ISR                            
00001b05  GPIOE_ISR                            
00001c79  UART_Init                            
00001cbb  UART_ConfigBuadRate                  
00001dbb  UART_ConfigFrame                     
00001e6d  UART_ConfigEnableModule              
00001e99  UART_ConfigEnableTx                  
00001ed3  UART_ConfigEnableRx                  
00001f0d  UART_ConfigEnableFIFO                
00001f4d  UART_ConfigEnableLoopBack            
00001f8d  UART_ConfigEnableSIR                 
00001fcd  UART_ConfigEnableLowPowerModeSIR     
00002011  UART_ConfigEnableHighSpeed           
00002061  UART_SendBreak                       
000020b3  UART_SetTriggerFIFO                  
0000212f  UART_SetSelfAddress                  
00002163  UART_SetSelfAddressMask              
00002197  UART_SetClockSource                  
000021f5  UART_EnableAndSetIntISR              
00002275  UART_DisableInterrupt                
000022bd  UART_GetFlag                         
000022db  UART_GetEnableFIFO                   
000022f9  UART_Send                            
00002341  UART_Receive                         
0000237f  UART3_ISR                            
00002423  UART7_ISR                            
000024ed  NVIC_SetISR                          
000024ef  NVIC_Enable                          
0000253d  NVIC_Disable                         
0000258b  NVIC_SetPending                      
000025d9  NVIC_ClearPending                    
00002627  NVIC_GetPending                      
00002677  NVIC_GetActiveState                  
000026c7  NVIC_SetPriority                     
00002725  NVIC_GetPriority                     
00002799  __aeabi_ddiv                         
000028d1  main                                 
000029bb  UART_Handler                         
000029fd  __aeabi_dmul                         
00002af9  __aeabi_memcpy                       
00002af9  __aeabi_memcpy4                      
00002af9  __aeabi_memcpy8                      
00002af9  memcpy                               
00002b95  __TI_decompress_lzss                 
00002bfd  __TI_auto_init_nobinit_nopinit       
00002c41  __aeabi_d2uiz                        
00002c85  _c_int00_noargs                      
00002cb9  __aeabi_ui2d                         
00002cd9  __TI_zero_init_nomemset              
00002cf5  __TI_decompress_none                 
00002d03  ResetISR                             
00002d0f  _system_pre_init                     
00002d13  C$$EXIT                              
00002d13  abort                                
00002dac  __TI_Handler_Table_Base              
00002db8  __TI_Handler_Table_Limit             
00002dc0  __TI_CINIT_Base                      
00002dd0  __TI_CINIT_Limit                     
200002e0  buffer                               
20000390  string                               
200005c8  __stack                              
200007c8  __STACK_END                          
200007c8  __STACK_TOP                          
ffffffff  __TI_pprof_out_hndl                  
ffffffff  __TI_prof_data_size                  
ffffffff  __TI_prof_data_start                 
ffffffff  __binit__                            
ffffffff  __c_args__                           
ffffffff  binit                                
UNDEFED   __mpu_init                           
UNDEFED   _system_post_cinit                   

[119 symbols]
