******************************************************************************
                  TI ARM Linker PC v18.12.4                    
******************************************************************************
>> Linked Tue Apr 21 21:10:16 2020

OUTPUT FILE NAME:   <GPTM_Driver.out>
ENTRY POINT SYMBOL: "_c_int00_noargs"  address: 00002489


MEMORY CONFIGURATION

         name            origin    length      used     unused   attr    fill
----------------------  --------  ---------  --------  --------  ----  --------
  FLASH                 00000000   00040000  00002582  0003da7e  R  X
  SRAM                  20000000   00008000  0000052f  00007ad1  RW X


SEGMENT ALLOCATION MAP

run origin  load origin   length   init length attrs members
----------  ----------- ---------- ----------- ----- -------
00000000    00000000    00002588   00002588    r-x
  00000000    00000000    0000026c   0000026c    r-- .intvecs
  0000026c    0000026c    000022ae   000022ae    r-x .text
  00002520    00002520    00000068   00000068    r-- .cinit
20000000    20000000    00000530   00000000    rw-
  20000000    20000000    00000200   00000000    rw- .stack
  20000200    20000200    000001ff   00000000    rw- .data
  20000400    20000400    00000130   00000000    rw- .bss


SECTION ALLOCATION MAP

 output                                  attributes/
section   page    origin      length       input sections
--------  ----  ----------  ----------   ----------------
.intvecs   0    00000000    0000026c     
                  00000000    0000026c     tm4c123gh6pm_startup_ccs.obj (.intvecs)

.text      0    0000026c    000022ae     
                  0000026c    00000da0     GPTM.obj (.text)
                  0000100c    00000c78     GPIO.obj (.text)
                  00001c84    000002ac     NVIC.obj (.text)
                  00001f30    00000198     main.obj (.text)
                  000020c8    00000136     rtsv7M4_T_le_v4SPD16_eabi.lib : fd_div_t2.asm.obj (.text)
                  000021fe    000000fc                                   : fd_mul_t2.asm.obj (.text)
                  000022fa    0000009c                                   : memcpy_t2.asm.obj (.text)
                  00002396    00000068                                   : copy_decompress_lzss.c.obj (.text:decompress:lzss:__TI_decompress_lzss)
                  000023fe    00000002     --HOLE-- [fill = 0]
                  00002400    00000044                                   : autoinit.c.obj (.text:__TI_auto_init_nobinit_nopinit:__TI_auto_init_nobinit_nopinit)
                  00002444    00000044                                   : fd_tou_t2.asm.obj (.text)
                  00002488    00000034                                   : boot_cortex_m.c.obj (.text:_c_int00_noargs:_c_int00_noargs)
                  000024bc    00000020                                   : u_tofd_t2.asm.obj (.text)
                  000024dc    0000001c                                   : copy_zero_init.c.obj (.text:decompress:ZI:__TI_zero_init_nomemset:__TI_zero_init_nomemset)
                  000024f8    0000000e                                   : copy_decompress_none.c.obj (.text:decompress:none:__TI_decompress_none)
                  00002506    0000000c     tm4c123gh6pm_startup_ccs.obj (.text)
                  00002512    00000004     rtsv7M4_T_le_v4SPD16_eabi.lib : pre_init.c.obj (.text:_system_pre_init)
                  00002516    00000004                                   : exit.c.obj (.text:abort:abort)

.cinit     0    00002520    00000068     
                  00002520    00000043     (.cinit..data.load) [load image, compression = lzss]
                  00002563    00000001     --HOLE-- [fill = 0]
                  00002564    0000000c     (__TI_handler_table)
                  00002570    00000008     (.cinit..bss.load) [load image, compression = zero_init]
                  00002578    00000010     (__TI_cinit_table)

.init_array 
*          0    00000000    00000000     UNINITIALIZED

.data      0    20000200    000001ff     UNINITIALIZED
                  20000200    000001e0     GPTM.obj (.data:all_ptrs)
                  200003e0    00000018     GPTM.obj (.data:TIMER_NVICVectors)
                  200003f8    00000006     GPIO.obj (.data:BusSelection)
                  200003fe    00000001     main.obj (.data)

.bss       0    20000400    00000130     UNINITIALIZED
                  20000400    00000020     GPIO.obj (.bss:PORTE_interrupt_bits)
                  20000420    00000020     GPIO.obj (.bss:PORTF_interrupt_bits)
                  20000440    00000014     GPTM.obj (.bss:TIMER0A_interrupt_sources)
                  20000454    00000014     GPTM.obj (.bss:TIMER0B_interrupt_sources)
                  20000468    00000014     GPTM.obj (.bss:TIMER1A_interrupt_sources)
                  2000047c    00000014     GPTM.obj (.bss:TIMER1B_interrupt_sources)
                  20000490    00000014     GPTM.obj (.bss:TIMER2A_interrupt_sources)
                  200004a4    00000014     GPTM.obj (.bss:TIMER2B_interrupt_sources)
                  200004b8    00000014     GPTM.obj (.bss:TIMER3A_interrupt_sources)
                  200004cc    00000014     GPTM.obj (.bss:TIMER3B_interrupt_sources)
                  200004e0    00000014     GPTM.obj (.bss:TIMER4A_interrupt_sources)
                  200004f4    00000014     GPTM.obj (.bss:TIMER4B_interrupt_sources)
                  20000508    00000014     GPTM.obj (.bss:TIMER5A_interrupt_sources)
                  2000051c    00000014     GPTM.obj (.bss:TIMER5B_interrupt_sources)

.stack     0    20000000    00000200     UNINITIALIZED
                  20000000    00000004     rtsv7M4_T_le_v4SPD16_eabi.lib : boot_cortex_m.c.obj (.stack)
                  20000004    000001fc     --HOLE--

MODULE SUMMARY

       Module                         code   ro data   rw data
       ------                         ----   -------   -------
    .\
       GPTM.obj                       3488   0         744    
       GPIO.obj                       3192   0         70     
       NVIC.obj                       684    0         0      
       tm4c123gh6pm_startup_ccs.obj   12     620       0      
       main.obj                       408    0         1      
    +--+------------------------------+------+---------+---------+
       Total:                         7784   620       815    
                                                              
    C:\ti\ccs920\ccs\tools\compiler\ti-cgt-arm_18.12.4.LTS\lib\rtsv7M4_T_le_v4SPD16_eabi.lib
       fd_div_t2.asm.obj              310    0         0      
       fd_mul_t2.asm.obj              252    0         0      
       memcpy_t2.asm.obj              156    0         0      
       copy_decompress_lzss.c.obj     104    0         0      
       autoinit.c.obj                 68     0         0      
       fd_tou_t2.asm.obj              68     0         0      
       boot_cortex_m.c.obj            52     0         0      
       u_tofd_t2.asm.obj              32     0         0      
       copy_zero_init.c.obj           28     0         0      
       copy_decompress_none.c.obj     14     0         0      
       exit.c.obj                     4      0         0      
       pre_init.c.obj                 4      0         0      
    +--+------------------------------+------+---------+---------+
       Total:                         1092   0         0      
                                                              
       Stack:                         0      0         512    
       Linker Generated:              0      103       0      
    +--+------------------------------+------+---------+---------+
       Grand Total:                   8876   723       1327   


LINKER GENERATED COPY TABLES

__TI_cinit_table @ 00002578 records: 2, size/record: 8, table size: 16
	.data: load addr=00002520, load size=00000043 bytes, run addr=20000200, run size=000001ff bytes, compression=lzss
	.bss: load addr=00002570, load size=00000008 bytes, run addr=20000400, run size=00000130 bytes, compression=zero_init


LINKER GENERATED HANDLER TABLE

__TI_handler_table @ 00002564 records: 3, size/record: 4, table size: 12
	index: 0, handler: __TI_decompress_lzss
	index: 1, handler: __TI_decompress_none
	index: 2, handler: __TI_zero_init


GLOBAL SYMBOLS: SORTED ALPHABETICALLY BY Name 

address   name                                 
-------   ----                                 
00002517  C$$EXIT                              
00000799  FANCYTIMER_ECOUNT_SetEventsNumber    
0000089d  FANCYTIMER_ETIME_Configure           
000005f3  FANCYTIMER_ONESHOT_SetMatchSeconds   
00000569  FANCYTIMER_ONESHOT_SetTimeoutSeconds 
00000707  FANCYTIMER_PERIODIC_SetMatchSeconds  
0000067d  FANCYTIMER_PERIODIC_SetTimeoutSeconds
00000913  FANCYTIMER_PWM_SetDutyCycle          
0000107d  GPIOBusGet                           
0000100d  GPIOBusSet                           
00001303  GPIOClockGet                         
000012cb  GPIOClockReset                       
00001293  GPIOClockSet                         
000011b3  GPIODirectionGet                     
000010ad  GPIODirectionModeSet                 
00001b11  GPIOE_ISR                            
000019d9  GPIOF_ISR                            
00001223  GPIOModeGet                          
0000146d  GPIORead                             
000014e1  GPIOWrite                            
000016a5  GPIO_ConfigInterrupt                 
000015d9  GPIO_ConfigPCTLMux                   
00001561  GPIO_EnableAnalogFunction            
00001349  GPIO_PadSet                          
00001967  GPIO_SetIntHandler                   
00001d71  NVIC_ClearPending                    
00001cd5  NVIC_Disable                         
00001c87  NVIC_Enable                          
00001e0f  NVIC_GetActiveState                  
00001dbf  NVIC_GetPending                      
00001ebd  NVIC_GetPriority                     
00001c85  NVIC_SetISR                          
00001d23  NVIC_SetPending                      
00001e5f  NVIC_SetPriority                     
00002507  ResetISR                             
00000d89  TIMER0A_ISR                          
00000de9  TIMER0B_ISR                          
00001ff1  TIMER0_Handler                       
00000e4f  TIMER2A_ISR                          
00000eaf  TIMER2B_ISR                          
00001fb9  TIMER2_Handler                       
00000f15  TIMER5A_ISR                          
00000f75  TIMER5B_ISR                          
00000ae5  TIMER_ConfigCCP                      
00000a89  TIMER_ConfigEdgeDetection            
000004bb  TIMER_DisableInterrupt               
00000bf3  TIMER_DisableSnapshot                
00000a4f  TIMER_DisableWaitForTrigger          
000003b3  TIMER_EnableAndSetIntISR             
00000bb9  TIMER_EnableSnapshot                 
00000a15  TIMER_EnableWaitForTrigger           
00000d2b  TIMER_GetSnapshot                    
0000026d  TIMER_Init                           
00000c2d  TIMER_SetIntervalLoad                
00000cb3  TIMER_SetMatch                       
00000c69  TIMER_SetPrescalar                   
00000cf1  TIMER_SetPrescalerMatch              
00000ca3  TIMER_SetUpdateTime                  
00000b41  TIMER_Start                          
00000b7d  TIMER_Stop                           
20000200  __STACK_END                          
00000200  __STACK_SIZE                         
20000200  __STACK_TOP                          
00002578  __TI_CINIT_Base                      
00002588  __TI_CINIT_Limit                     
00002564  __TI_Handler_Table_Base              
00002570  __TI_Handler_Table_Limit             
00002401  __TI_auto_init_nobinit_nopinit       
00002397  __TI_decompress_lzss                 
000024f9  __TI_decompress_none                 
ffffffff  __TI_pprof_out_hndl                  
ffffffff  __TI_prof_data_size                  
ffffffff  __TI_prof_data_start                 
00000000  __TI_static_base__                   
000024dd  __TI_zero_init_nomemset              
00002445  __aeabi_d2uiz                        
000020c9  __aeabi_ddiv                         
000021ff  __aeabi_dmul                         
000022fb  __aeabi_memcpy                       
000022fb  __aeabi_memcpy4                      
000022fb  __aeabi_memcpy8                      
000024bd  __aeabi_ui2d                         
ffffffff  __binit__                            
ffffffff  __c_args__                           
UNDEFED   __mpu_init                           
20000000  __stack                              
00002489  _c_int00_noargs                      
UNDEFED   _system_post_cinit                   
00002513  _system_pre_init                     
00002517  abort                                
ffffffff  binit                                
00000000  g_pfnVectors                         
00001f31  main                                 
000022fb  memcpy                               
200003fe  state                                


GLOBAL SYMBOLS: SORTED BY Symbol Address 

address   name                                 
-------   ----                                 
00000000  __TI_static_base__                   
00000000  g_pfnVectors                         
00000200  __STACK_SIZE                         
0000026d  TIMER_Init                           
000003b3  TIMER_EnableAndSetIntISR             
000004bb  TIMER_DisableInterrupt               
00000569  FANCYTIMER_ONESHOT_SetTimeoutSeconds 
000005f3  FANCYTIMER_ONESHOT_SetMatchSeconds   
0000067d  FANCYTIMER_PERIODIC_SetTimeoutSeconds
00000707  FANCYTIMER_PERIODIC_SetMatchSeconds  
00000799  FANCYTIMER_ECOUNT_SetEventsNumber    
0000089d  FANCYTIMER_ETIME_Configure           
00000913  FANCYTIMER_PWM_SetDutyCycle          
00000a15  TIMER_EnableWaitForTrigger           
00000a4f  TIMER_DisableWaitForTrigger          
00000a89  TIMER_ConfigEdgeDetection            
00000ae5  TIMER_ConfigCCP                      
00000b41  TIMER_Start                          
00000b7d  TIMER_Stop                           
00000bb9  TIMER_EnableSnapshot                 
00000bf3  TIMER_DisableSnapshot                
00000c2d  TIMER_SetIntervalLoad                
00000c69  TIMER_SetPrescalar                   
00000ca3  TIMER_SetUpdateTime                  
00000cb3  TIMER_SetMatch                       
00000cf1  TIMER_SetPrescalerMatch              
00000d2b  TIMER_GetSnapshot                    
00000d89  TIMER0A_ISR                          
00000de9  TIMER0B_ISR                          
00000e4f  TIMER2A_ISR                          
00000eaf  TIMER2B_ISR                          
00000f15  TIMER5A_ISR                          
00000f75  TIMER5B_ISR                          
0000100d  GPIOBusSet                           
0000107d  GPIOBusGet                           
000010ad  GPIODirectionModeSet                 
000011b3  GPIODirectionGet                     
00001223  GPIOModeGet                          
00001293  GPIOClockSet                         
000012cb  GPIOClockReset                       
00001303  GPIOClockGet                         
00001349  GPIO_PadSet                          
0000146d  GPIORead                             
000014e1  GPIOWrite                            
00001561  GPIO_EnableAnalogFunction            
000015d9  GPIO_ConfigPCTLMux                   
000016a5  GPIO_ConfigInterrupt                 
00001967  GPIO_SetIntHandler                   
000019d9  GPIOF_ISR                            
00001b11  GPIOE_ISR                            
00001c85  NVIC_SetISR                          
00001c87  NVIC_Enable                          
00001cd5  NVIC_Disable                         
00001d23  NVIC_SetPending                      
00001d71  NVIC_ClearPending                    
00001dbf  NVIC_GetPending                      
00001e0f  NVIC_GetActiveState                  
00001e5f  NVIC_SetPriority                     
00001ebd  NVIC_GetPriority                     
00001f31  main                                 
00001fb9  TIMER2_Handler                       
00001ff1  TIMER0_Handler                       
000020c9  __aeabi_ddiv                         
000021ff  __aeabi_dmul                         
000022fb  __aeabi_memcpy                       
000022fb  __aeabi_memcpy4                      
000022fb  __aeabi_memcpy8                      
000022fb  memcpy                               
00002397  __TI_decompress_lzss                 
00002401  __TI_auto_init_nobinit_nopinit       
00002445  __aeabi_d2uiz                        
00002489  _c_int00_noargs                      
000024bd  __aeabi_ui2d                         
000024dd  __TI_zero_init_nomemset              
000024f9  __TI_decompress_none                 
00002507  ResetISR                             
00002513  _system_pre_init                     
00002517  C$$EXIT                              
00002517  abort                                
00002564  __TI_Handler_Table_Base              
00002570  __TI_Handler_Table_Limit             
00002578  __TI_CINIT_Base                      
00002588  __TI_CINIT_Limit                     
20000000  __stack                              
20000200  __STACK_END                          
20000200  __STACK_TOP                          
200003fe  state                                
ffffffff  __TI_pprof_out_hndl                  
ffffffff  __TI_prof_data_size                  
ffffffff  __TI_prof_data_start                 
ffffffff  __binit__                            
ffffffff  __c_args__                           
ffffffff  binit                                
UNDEFED   __mpu_init                           
UNDEFED   _system_post_cinit                   

[95 symbols]
