******************************************************************************
                  TI ARM Linker PC v18.12.4                    
******************************************************************************
>> Linked Sat Apr 11 05:43:45 2020

OUTPUT FILE NAME:   <GPTM_Driver.out>
ENTRY POINT SYMBOL: "_c_int00_noargs"  address: 00001cbd


MEMORY CONFIGURATION

         name            origin    length      used     unused   attr    fill
----------------------  --------  ---------  --------  --------  ----  --------
  FLASH                 00000000   00040000  00001d96  0003e26a  R  X
  SRAM                  20000000   00008000  0000052e  00007ad2  RW X


SEGMENT ALLOCATION MAP

run origin  load origin   length   init length attrs members
----------  ----------- ---------- ----------- ----- -------
00000000    00000000    00001d98   00001d98    r-x
  00000000    00000000    0000026c   0000026c    r-- .intvecs
  0000026c    0000026c    00001ac2   00001ac2    r-x .text
  00001d30    00001d30    00000068   00000068    r-- .cinit
20000000    20000000    00000530   00000000    rw-
  20000000    20000000    00000200   00000000    rw- .stack
  20000200    20000200    000001fe   00000000    rw- .data
  20000400    20000400    00000130   00000000    rw- .bss


SECTION ALLOCATION MAP

 output                                  attributes/
section   page    origin      length       input sections
--------  ----  ----------  ----------   ----------------
.intvecs   0    00000000    0000026c     
                  00000000    0000026c     tm4c123gh6pm_startup_ccs.obj (.intvecs)

.text      0    0000026c    00001ac2     
                  0000026c    00000b90     GPIO.obj (.text)
                  00000dfc    00000a34     GPTM.obj (.text)
                  00001830    000002ac     NVIC.obj (.text)
                  00001adc    0000009c     rtsv7M4_T_le_v4SPD16_eabi.lib : memcpy_t2.asm.obj (.text)
                  00001b78    00000098     main.obj (.text)
                  00001c10    00000068     rtsv7M4_T_le_v4SPD16_eabi.lib : copy_decompress_lzss.c.obj (.text:decompress:lzss:__TI_decompress_lzss)
                  00001c78    00000044                                   : autoinit.c.obj (.text:__TI_auto_init_nobinit_nopinit:__TI_auto_init_nobinit_nopinit)
                  00001cbc    00000034                                   : boot_cortex_m.c.obj (.text:_c_int00_noargs:_c_int00_noargs)
                  00001cf0    0000001c                                   : copy_zero_init.c.obj (.text:decompress:ZI:__TI_zero_init_nomemset:__TI_zero_init_nomemset)
                  00001d0c    0000000e                                   : copy_decompress_none.c.obj (.text:decompress:none:__TI_decompress_none)
                  00001d1a    0000000c     tm4c123gh6pm_startup_ccs.obj (.text)
                  00001d26    00000004     rtsv7M4_T_le_v4SPD16_eabi.lib : pre_init.c.obj (.text:_system_pre_init)
                  00001d2a    00000004                                   : exit.c.obj (.text:abort:abort)

.cinit     0    00001d30    00000068     
                  00001d30    00000043     (.cinit..data.load) [load image, compression = lzss]
                  00001d73    00000001     --HOLE-- [fill = 0]
                  00001d74    0000000c     (__TI_handler_table)
                  00001d80    00000008     (.cinit..bss.load) [load image, compression = zero_init]
                  00001d88    00000010     (__TI_cinit_table)

.init_array 
*          0    00000000    00000000     UNINITIALIZED

.data      0    20000200    000001fe     UNINITIALIZED
                  20000200    000001e0     GPTM.obj (.data:all_ptrs)
                  200003e0    00000018     GPTM.obj (.data:TIMER_NVICVectors)
                  200003f8    00000006     GPIO.obj (.data:BusSelection)

.bss       0    20000400    00000130     UNINITIALIZED
                  20000400    00000020     GPIO.obj (.bss:PORTE_interrupt_bits)
                  20000420    00000020     GPIO.obj (.bss:PORTF_interrupt_bits)
                  20000440    00000014     GPTM.obj (.bss:TIMER0A_interrupt_sources)
                  20000454    00000014     GPTM.obj (.bss:TIMER0B_interrupt_sources)
                  20000468    00000014     GPTM.obj (.bss:TIMER1A_interrupt_sources)
                  2000047c    00000014     GPTM.obj (.bss:TIMER1B_interrupt_sources)
                  20000490    00000014     GPTM.obj (.bss:TIMER2A_interrupt_sources)
                  200004a4    00000014     GPTM.obj (.bss:TIMER2B_interrupt_sources)
                  200004b8    00000014     GPTM.obj (.bss:TIMER3A_interrupt_sources)
                  200004cc    00000014     GPTM.obj (.bss:TIMER3B_interrupt_sources)
                  200004e0    00000014     GPTM.obj (.bss:TIMER4A_interrupt_sources)
                  200004f4    00000014     GPTM.obj (.bss:TIMER4B_interrupt_sources)
                  20000508    00000014     GPTM.obj (.bss:TIMER5A_interrupt_sources)
                  2000051c    00000014     GPTM.obj (.bss:TIMER5B_interrupt_sources)

.stack     0    20000000    00000200     UNINITIALIZED
                  20000000    00000004     rtsv7M4_T_le_v4SPD16_eabi.lib : boot_cortex_m.c.obj (.stack)
                  20000004    000001fc     --HOLE--

MODULE SUMMARY

       Module                         code   ro data   rw data
       ------                         ----   -------   -------
    .\
       GPTM.obj                       2612   0         744    
       GPIO.obj                       2960   0         70     
       NVIC.obj                       684    0         0      
       tm4c123gh6pm_startup_ccs.obj   12     620       0      
       main.obj                       152    0         0      
    +--+------------------------------+------+---------+---------+
       Total:                         6420   620       814    
                                                              
    C:\ti\ccs920\ccs\tools\compiler\ti-cgt-arm_18.12.4.LTS\lib\rtsv7M4_T_le_v4SPD16_eabi.lib
       memcpy_t2.asm.obj              156    0         0      
       copy_decompress_lzss.c.obj     104    0         0      
       autoinit.c.obj                 68     0         0      
       boot_cortex_m.c.obj            52     0         0      
       copy_zero_init.c.obj           28     0         0      
       copy_decompress_none.c.obj     14     0         0      
       exit.c.obj                     4      0         0      
       pre_init.c.obj                 4      0         0      
    +--+------------------------------+------+---------+---------+
       Total:                         430    0         0      
                                                              
       Stack:                         0      0         512    
       Linker Generated:              0      103       0      
    +--+------------------------------+------+---------+---------+
       Grand Total:                   6850   723       1326   


LINKER GENERATED COPY TABLES

__TI_cinit_table @ 00001d88 records: 2, size/record: 8, table size: 16
	.data: load addr=00001d30, load size=00000043 bytes, run addr=20000200, run size=000001fe bytes, compression=lzss
	.bss: load addr=00001d80, load size=00000008 bytes, run addr=20000400, run size=00000130 bytes, compression=zero_init


LINKER GENERATED HANDLER TABLE

__TI_handler_table @ 00001d74 records: 3, size/record: 4, table size: 12
	index: 0, handler: __TI_decompress_lzss
	index: 1, handler: __TI_decompress_none
	index: 2, handler: __TI_zero_init


GLOBAL SYMBOLS: SORTED ALPHABETICALLY BY Name 

address   name                          
-------   ----                          
00001d2b  C$$EXIT                       
000002dd  GPIOBusGet                    
0000026d  GPIOBusSet                    
00000571  GPIOClockGet                  
00000539  GPIOClockReset                
00000501  GPIOClockSet                  
0000040d  GPIODirectionGet              
0000030d  GPIODirectionModeSet          
00000c89  GPIOE_ISR                     
00000b51  GPIOF_ISR                     
00000487  GPIOModeGet                   
0000071f  GPIORead                      
00000793  GPIOWrite                     
00000819  GPIO_ConfigInterrupt          
000005b9  GPIO_PadSet                   
00000ae1  GPIO_SetIntHandler            
0000191d  NVIC_ClearPending             
00001881  NVIC_Disable                  
00001833  NVIC_Enable                   
000019bb  NVIC_GetActiveState           
0000196b  NVIC_GetPending               
00001a69  NVIC_GetPriority              
00001831  NVIC_SetISR                   
000018cf  NVIC_SetPending               
00001a0b  NVIC_SetPriority              
00001d1b  ResetISR                      
00001683  TIMER0A_ISR                   
000016e3  TIMER0B_ISR                   
00001749  TIMER5A_ISR                   
000017a9  TIMER5B_ISR                   
00001bdf  TIMER5_Handler                
0000123d  TIMER_ConfigEdgeDetection     
00001099  TIMER_DisableInterrupt        
000013fb  TIMER_DisableSnapshot         
000011dd  TIMER_DisableWaitForTrigger   
00000f65  TIMER_EnableAndSetIntISR      
0000139b  TIMER_EnableSnapshot          
0000117d  TIMER_EnableWaitForTrigger    
000015e3  TIMER_GetSnapshot             
00000dfd  TIMER_Init                    
0000145b  TIMER_SetIntervalLoad         
00001527  TIMER_SetMatch                
00001173  TIMER_SetMatchEventsNumber    
000014b7  TIMER_SetPrescalar            
00001583  TIMER_SetPrescalerMatch       
00001169  TIMER_SetTimeoutSeconds       
00001517  TIMER_SetUpdateTime           
000012bf  TIMER_Start                   
00001331  TIMER_Stop                    
20000200  __STACK_END                   
00000200  __STACK_SIZE                  
20000200  __STACK_TOP                   
00001d88  __TI_CINIT_Base               
00001d98  __TI_CINIT_Limit              
00001d74  __TI_Handler_Table_Base       
00001d80  __TI_Handler_Table_Limit      
00001c79  __TI_auto_init_nobinit_nopinit
00001c11  __TI_decompress_lzss          
00001d0d  __TI_decompress_none          
ffffffff  __TI_pprof_out_hndl           
ffffffff  __TI_prof_data_size           
ffffffff  __TI_prof_data_start          
00000000  __TI_static_base__            
00001cf1  __TI_zero_init_nomemset       
00001add  __aeabi_memcpy                
00001add  __aeabi_memcpy4               
00001add  __aeabi_memcpy8               
ffffffff  __binit__                     
ffffffff  __c_args__                    
UNDEFED   __mpu_init                    
20000000  __stack                       
00001cbd  _c_int00_noargs               
UNDEFED   _system_post_cinit            
00001d27  _system_pre_init              
00001d2b  abort                         
ffffffff  binit                         
00000000  g_pfnVectors                  
00001b79  main                          
00001add  memcpy                        


GLOBAL SYMBOLS: SORTED BY Symbol Address 

address   name                          
-------   ----                          
00000000  __TI_static_base__            
00000000  g_pfnVectors                  
00000200  __STACK_SIZE                  
0000026d  GPIOBusSet                    
000002dd  GPIOBusGet                    
0000030d  GPIODirectionModeSet          
0000040d  GPIODirectionGet              
00000487  GPIOModeGet                   
00000501  GPIOClockSet                  
00000539  GPIOClockReset                
00000571  GPIOClockGet                  
000005b9  GPIO_PadSet                   
0000071f  GPIORead                      
00000793  GPIOWrite                     
00000819  GPIO_ConfigInterrupt          
00000ae1  GPIO_SetIntHandler            
00000b51  GPIOF_ISR                     
00000c89  GPIOE_ISR                     
00000dfd  TIMER_Init                    
00000f65  TIMER_EnableAndSetIntISR      
00001099  TIMER_DisableInterrupt        
00001169  TIMER_SetTimeoutSeconds       
00001173  TIMER_SetMatchEventsNumber    
0000117d  TIMER_EnableWaitForTrigger    
000011dd  TIMER_DisableWaitForTrigger   
0000123d  TIMER_ConfigEdgeDetection     
000012bf  TIMER_Start                   
00001331  TIMER_Stop                    
0000139b  TIMER_EnableSnapshot          
000013fb  TIMER_DisableSnapshot         
0000145b  TIMER_SetIntervalLoad         
000014b7  TIMER_SetPrescalar            
00001517  TIMER_SetUpdateTime           
00001527  TIMER_SetMatch                
00001583  TIMER_SetPrescalerMatch       
000015e3  TIMER_GetSnapshot             
00001683  TIMER0A_ISR                   
000016e3  TIMER0B_ISR                   
00001749  TIMER5A_ISR                   
000017a9  TIMER5B_ISR                   
00001831  NVIC_SetISR                   
00001833  NVIC_Enable                   
00001881  NVIC_Disable                  
000018cf  NVIC_SetPending               
0000191d  NVIC_ClearPending             
0000196b  NVIC_GetPending               
000019bb  NVIC_GetActiveState           
00001a0b  NVIC_SetPriority              
00001a69  NVIC_GetPriority              
00001add  __aeabi_memcpy                
00001add  __aeabi_memcpy4               
00001add  __aeabi_memcpy8               
00001add  memcpy                        
00001b79  main                          
00001bdf  TIMER5_Handler                
00001c11  __TI_decompress_lzss          
00001c79  __TI_auto_init_nobinit_nopinit
00001cbd  _c_int00_noargs               
00001cf1  __TI_zero_init_nomemset       
00001d0d  __TI_decompress_none          
00001d1b  ResetISR                      
00001d27  _system_pre_init              
00001d2b  C$$EXIT                       
00001d2b  abort                         
00001d74  __TI_Handler_Table_Base       
00001d80  __TI_Handler_Table_Limit      
00001d88  __TI_CINIT_Base               
00001d98  __TI_CINIT_Limit              
20000000  __stack                       
20000200  __STACK_END                   
20000200  __STACK_TOP                   
ffffffff  __TI_pprof_out_hndl           
ffffffff  __TI_prof_data_size           
ffffffff  __TI_prof_data_start          
ffffffff  __binit__                     
ffffffff  __c_args__                    
ffffffff  binit                         
UNDEFED   __mpu_init                    
UNDEFED   _system_post_cinit            

[79 symbols]
