******************************************************************************
                  TI ARM Linker PC v18.12.4                    
******************************************************************************
>> Linked Thu Apr  9 22:58:06 2020

OUTPUT FILE NAME:   <GPTM_Driver.out>
ENTRY POINT SYMBOL: "_c_int00_noargs"  address: 000012d5


MEMORY CONFIGURATION

         name            origin    length      used     unused   attr    fill
----------------------  --------  ---------  --------  --------  ----  --------
  FLASH                 00000000   00040000  00001376  0003ec8a  R  X
  SRAM                  20000000   00008000  00000246  00007dba  RW X


SEGMENT ALLOCATION MAP

run origin  load origin   length   init length attrs members
----------  ----------- ---------- ----------- ----- -------
00000000    00000000    00001378   00001378    r-x
  00000000    00000000    0000026c   0000026c    r-- .intvecs
  0000026c    0000026c    000010da   000010da    r-x .text
  00001348    00001348    00000030   00000030    r-- .cinit
20000000    20000000    00000246   00000000    rw-
  20000000    20000000    00000200   00000000    rw- .stack
  20000200    20000200    00000040   00000000    rw- .bss
  20000240    20000240    00000006   00000000    rw- .data


SECTION ALLOCATION MAP

 output                                  attributes/
section   page    origin      length       input sections
--------  ----  ----------  ----------   ----------------
.intvecs   0    00000000    0000026c     
                  00000000    0000026c     tm4c123gh6pm_startup_ccs.obj (.intvecs)

.text      0    0000026c    000010da     
                  0000026c    00000b90     GPIO.obj (.text)
                  00000dfc    000002ac     NVIC.obj (.text)
                  000010a8    000000e4     main.obj (.text)
                  0000118c    0000009c     rtsv7M4_T_le_v4SPD16_eabi.lib : memcpy_t2.asm.obj (.text)
                  00001228    00000068                                   : copy_decompress_lzss.c.obj (.text:decompress:lzss:__TI_decompress_lzss)
                  00001290    00000044                                   : autoinit.c.obj (.text:__TI_auto_init_nobinit_nopinit:__TI_auto_init_nobinit_nopinit)
                  000012d4    00000034                                   : boot_cortex_m.c.obj (.text:_c_int00_noargs:_c_int00_noargs)
                  00001308    0000001c                                   : copy_zero_init.c.obj (.text:decompress:ZI:__TI_zero_init_nomemset:__TI_zero_init_nomemset)
                  00001324    0000000e                                   : copy_decompress_none.c.obj (.text:decompress:none:__TI_decompress_none)
                  00001332    0000000c     tm4c123gh6pm_startup_ccs.obj (.text)
                  0000133e    00000004     rtsv7M4_T_le_v4SPD16_eabi.lib : pre_init.c.obj (.text:_system_pre_init)
                  00001342    00000004                                   : exit.c.obj (.text:abort:abort)

.cinit     0    00001348    00000030     
                  00001348    0000000c     (__TI_handler_table)
                  00001354    00000004     --HOLE-- [fill = 0]
                  00001358    00000008     (.cinit..bss.load) [load image, compression = zero_init]
                  00001360    00000007     (.cinit..data.load) [load image, compression = lzss]
                  00001367    00000001     --HOLE-- [fill = 0]
                  00001368    00000010     (__TI_cinit_table)

.init_array 
*          0    00000000    00000000     UNINITIALIZED

.bss       0    20000200    00000040     UNINITIALIZED
                  20000200    00000020     GPIO.obj (.bss:PORTE_interrupt_bits)
                  20000220    00000020     GPIO.obj (.bss:PORTF_interrupt_bits)

.data      0    20000240    00000006     UNINITIALIZED
                  20000240    00000006     GPIO.obj (.data:BusSelection)

.stack     0    20000000    00000200     UNINITIALIZED
                  20000000    00000004     rtsv7M4_T_le_v4SPD16_eabi.lib : boot_cortex_m.c.obj (.stack)
                  20000004    000001fc     --HOLE--

MODULE SUMMARY

       Module                         code   ro data   rw data
       ------                         ----   -------   -------
    .\
       GPIO.obj                       2960   0         70     
       NVIC.obj                       684    0         0      
       tm4c123gh6pm_startup_ccs.obj   12     620       0      
       main.obj                       228    0         0      
    +--+------------------------------+------+---------+---------+
       Total:                         3884   620       70     
                                                              
    C:\ti\ccs920\ccs\tools\compiler\ti-cgt-arm_18.12.4.LTS\lib\rtsv7M4_T_le_v4SPD16_eabi.lib
       memcpy_t2.asm.obj              156    0         0      
       copy_decompress_lzss.c.obj     104    0         0      
       autoinit.c.obj                 68     0         0      
       boot_cortex_m.c.obj            52     0         0      
       copy_zero_init.c.obj           28     0         0      
       copy_decompress_none.c.obj     14     0         0      
       exit.c.obj                     4      0         0      
       pre_init.c.obj                 4      0         0      
    +--+------------------------------+------+---------+---------+
       Total:                         430    0         0      
                                                              
       Stack:                         0      0         512    
       Linker Generated:              0      43        0      
    +--+------------------------------+------+---------+---------+
       Grand Total:                   4314   663       582    


LINKER GENERATED COPY TABLES

__TI_cinit_table @ 00001368 records: 2, size/record: 8, table size: 16
	.bss: load addr=00001358, load size=00000008 bytes, run addr=20000200, run size=00000040 bytes, compression=zero_init
	.data: load addr=00001360, load size=00000007 bytes, run addr=20000240, run size=00000006 bytes, compression=lzss


LINKER GENERATED HANDLER TABLE

__TI_handler_table @ 00001348 records: 3, size/record: 4, table size: 12
	index: 0, handler: __TI_decompress_lzss
	index: 1, handler: __TI_decompress_none
	index: 2, handler: __TI_zero_init


GLOBAL SYMBOLS: SORTED ALPHABETICALLY BY Name 

address   name                          
-------   ----                          
00001343  C$$EXIT                       
000002dd  GPIOBusGet                    
0000026d  GPIOBusSet                    
00000571  GPIOClockGet                  
00000539  GPIOClockReset                
00000501  GPIOClockSet                  
0000040d  GPIODirectionGet              
0000030d  GPIODirectionModeSet          
00000c89  GPIOE_ISR                     
00000b51  GPIOF_ISR                     
00000487  GPIOModeGet                   
0000071f  GPIORead                      
00000793  GPIOWrite                     
00000819  GPIO_ConfigInterrupt          
000005b9  GPIO_PadSet                   
00000ae1  GPIO_SetIntHandler            
00000ee9  NVIC_ClearPending             
00000e4d  NVIC_Disable                  
00000dff  NVIC_Enable                   
00000f87  NVIC_GetActiveState           
00000f37  NVIC_GetPending               
00001035  NVIC_GetPriority              
00000dfd  NVIC_SetISR                   
00000e9b  NVIC_SetPending               
00000fd7  NVIC_SetPriority              
00001333  ResetISR                      
00001133  TIMER0_Handler                
20000200  __STACK_END                   
00000200  __STACK_SIZE                  
20000200  __STACK_TOP                   
00001368  __TI_CINIT_Base               
00001378  __TI_CINIT_Limit              
00001348  __TI_Handler_Table_Base       
00001354  __TI_Handler_Table_Limit      
00001291  __TI_auto_init_nobinit_nopinit
00001229  __TI_decompress_lzss          
00001325  __TI_decompress_none          
ffffffff  __TI_pprof_out_hndl           
ffffffff  __TI_prof_data_size           
ffffffff  __TI_prof_data_start          
00000000  __TI_static_base__            
00001309  __TI_zero_init_nomemset       
0000118d  __aeabi_memcpy                
0000118d  __aeabi_memcpy4               
0000118d  __aeabi_memcpy8               
ffffffff  __binit__                     
ffffffff  __c_args__                    
UNDEFED   __mpu_init                    
20000000  __stack                       
000012d5  _c_int00_noargs               
UNDEFED   _system_post_cinit            
0000133f  _system_pre_init              
00001343  abort                         
ffffffff  binit                         
00000000  g_pfnVectors                  
000010a9  main                          
0000118d  memcpy                        


GLOBAL SYMBOLS: SORTED BY Symbol Address 

address   name                          
-------   ----                          
00000000  __TI_static_base__            
00000000  g_pfnVectors                  
00000200  __STACK_SIZE                  
0000026d  GPIOBusSet                    
000002dd  GPIOBusGet                    
0000030d  GPIODirectionModeSet          
0000040d  GPIODirectionGet              
00000487  GPIOModeGet                   
00000501  GPIOClockSet                  
00000539  GPIOClockReset                
00000571  GPIOClockGet                  
000005b9  GPIO_PadSet                   
0000071f  GPIORead                      
00000793  GPIOWrite                     
00000819  GPIO_ConfigInterrupt          
00000ae1  GPIO_SetIntHandler            
00000b51  GPIOF_ISR                     
00000c89  GPIOE_ISR                     
00000dfd  NVIC_SetISR                   
00000dff  NVIC_Enable                   
00000e4d  NVIC_Disable                  
00000e9b  NVIC_SetPending               
00000ee9  NVIC_ClearPending             
00000f37  NVIC_GetPending               
00000f87  NVIC_GetActiveState           
00000fd7  NVIC_SetPriority              
00001035  NVIC_GetPriority              
000010a9  main                          
00001133  TIMER0_Handler                
0000118d  __aeabi_memcpy                
0000118d  __aeabi_memcpy4               
0000118d  __aeabi_memcpy8               
0000118d  memcpy                        
00001229  __TI_decompress_lzss          
00001291  __TI_auto_init_nobinit_nopinit
000012d5  _c_int00_noargs               
00001309  __TI_zero_init_nomemset       
00001325  __TI_decompress_none          
00001333  ResetISR                      
0000133f  _system_pre_init              
00001343  C$$EXIT                       
00001343  abort                         
00001348  __TI_Handler_Table_Base       
00001354  __TI_Handler_Table_Limit      
00001368  __TI_CINIT_Base               
00001378  __TI_CINIT_Limit              
20000000  __stack                       
20000200  __STACK_END                   
20000200  __STACK_TOP                   
ffffffff  __TI_pprof_out_hndl           
ffffffff  __TI_prof_data_size           
ffffffff  __TI_prof_data_start          
ffffffff  __binit__                     
ffffffff  __c_args__                    
ffffffff  binit                         
UNDEFED   __mpu_init                    
UNDEFED   _system_post_cinit            

[57 symbols]
