******************************************************************************
                  TI ARM Linker PC v18.12.4                    
******************************************************************************
>> Linked Fri Feb 14 00:30:46 2020

OUTPUT FILE NAME:   <GPIO_Driver.out>
ENTRY POINT SYMBOL: "_c_int00_noargs"  address: 00000de5


MEMORY CONFIGURATION

         name            origin    length      used     unused   attr    fill
----------------------  --------  ---------  --------  --------  ----  --------
  FLASH                 00000000   00040000  00000e52  0003f1ae  R  X
  SRAM                  20000000   00008000  00000206  00007dfa  RW X


SEGMENT ALLOCATION MAP

run origin  load origin   length   init length attrs members
----------  ----------- ---------- ----------- ----- -------
00000000    00000000    00000e58   00000e58    r-x
  00000000    00000000    0000026c   0000026c    r-- .intvecs
  0000026c    0000026c    00000bce   00000bce    r-x .text
  00000e40    00000e40    00000018   00000018    r-- .cinit
20000000    20000000    00000206   00000000    rw-
  20000000    20000000    00000200   00000000    rw- .stack
  20000200    20000200    00000006   00000000    rw- .data


SECTION ALLOCATION MAP

 output                                  attributes/
section   page    origin      length       input sections
--------  ----  ----------  ----------   ----------------
.intvecs   0    00000000    0000026c     
                  00000000    0000026c     tm4c123gh6pm_startup_ccs.obj (.intvecs)

.text      0    0000026c    00000bce     
                  0000026c    00000964     GPIO.obj (.text)
                  00000bd0    000000cc     main.obj (.text)
                  00000c9c    0000009c     rtsv7M4_T_le_v4SPD16_eabi.lib : memcpy_t2.asm.obj (.text)
                  00000d38    00000068                                   : copy_decompress_lzss.c.obj (.text:decompress:lzss:__TI_decompress_lzss)
                  00000da0    00000044                                   : autoinit.c.obj (.text:__TI_auto_init_nobinit_nopinit:__TI_auto_init_nobinit_nopinit)
                  00000de4    00000034                                   : boot_cortex_m.c.obj (.text:_c_int00_noargs:_c_int00_noargs)
                  00000e18    0000000e                                   : copy_decompress_none.c.obj (.text:decompress:none:__TI_decompress_none)
                  00000e26    0000000c     tm4c123gh6pm_startup_ccs.obj (.text)
                  00000e32    00000004     rtsv7M4_T_le_v4SPD16_eabi.lib : pre_init.c.obj (.text:_system_pre_init)
                  00000e36    00000004                                   : exit.c.obj (.text:abort:abort)

.cinit     0    00000e40    00000018     
                  00000e40    00000008     (__TI_handler_table)
                  00000e48    00000007     (.cinit..data.load) [load image, compression = lzss]
                  00000e4f    00000001     --HOLE-- [fill = 0]
                  00000e50    00000008     (__TI_cinit_table)

.init_array 
*          0    00000000    00000000     UNINITIALIZED

.data      0    20000200    00000006     UNINITIALIZED
                  20000200    00000006     GPIO.obj (.data:BusSelection)

.stack     0    20000000    00000200     UNINITIALIZED
                  20000000    00000004     rtsv7M4_T_le_v4SPD16_eabi.lib : boot_cortex_m.c.obj (.stack)
                  20000004    000001fc     --HOLE--

MODULE SUMMARY

       Module                         code   ro data   rw data
       ------                         ----   -------   -------
    .\
       GPIO.obj                       2404   0         6      
       tm4c123gh6pm_startup_ccs.obj   12     620       0      
       main.obj                       204    0         0      
    +--+------------------------------+------+---------+---------+
       Total:                         2620   620       6      
                                                              
    C:\ti\ccs920\ccs\tools\compiler\ti-cgt-arm_18.12.4.LTS\lib\rtsv7M4_T_le_v4SPD16_eabi.lib
       memcpy_t2.asm.obj              156    0         0      
       copy_decompress_lzss.c.obj     104    0         0      
       autoinit.c.obj                 68     0         0      
       boot_cortex_m.c.obj            52     0         0      
       copy_decompress_none.c.obj     14     0         0      
       exit.c.obj                     4      0         0      
       pre_init.c.obj                 4      0         0      
    +--+------------------------------+------+---------+---------+
       Total:                         402    0         0      
                                                              
       Stack:                         0      0         512    
       Linker Generated:              0      23        0      
    +--+------------------------------+------+---------+---------+
       Grand Total:                   3022   643       518    


LINKER GENERATED COPY TABLES

__TI_cinit_table @ 00000e50 records: 1, size/record: 8, table size: 8
	.data: load addr=00000e48, load size=00000007 bytes, run addr=20000200, run size=00000006 bytes, compression=lzss


LINKER GENERATED HANDLER TABLE

__TI_handler_table @ 00000e40 records: 2, size/record: 4, table size: 8
	index: 0, handler: __TI_decompress_lzss
	index: 1, handler: __TI_decompress_none


GLOBAL SYMBOLS: SORTED ALPHABETICALLY BY Name 

address   name                          
-------   ----                          
00000e37  C$$EXIT                       
00000a59  GPIO_GetPinValue              
000009d1  GPIO_GetPortValue             
0000026d  GPIO_Init                     
000004f9  GPIO_SetPinDirection          
00000875  GPIO_SetPinValue              
000002d7  GPIO_SetPortDirection         
00000809  GPIO_SetPortValue             
00000e27  ResetISR                      
20000200  __STACK_END                   
00000200  __STACK_SIZE                  
20000200  __STACK_TOP                   
00000e50  __TI_CINIT_Base               
00000e58  __TI_CINIT_Limit              
00000e40  __TI_Handler_Table_Base       
00000e48  __TI_Handler_Table_Limit      
00000da1  __TI_auto_init_nobinit_nopinit
00000d39  __TI_decompress_lzss          
00000e19  __TI_decompress_none          
ffffffff  __TI_pprof_out_hndl           
ffffffff  __TI_prof_data_size           
ffffffff  __TI_prof_data_start          
00000000  __TI_static_base__            
00000c9d  __aeabi_memcpy                
00000c9d  __aeabi_memcpy4               
00000c9d  __aeabi_memcpy8               
ffffffff  __binit__                     
ffffffff  __c_args__                    
UNDEFED   __mpu_init                    
20000000  __stack                       
00000de5  _c_int00_noargs               
UNDEFED   _system_post_cinit            
00000e33  _system_pre_init              
00000e37  abort                         
ffffffff  binit                         
00000000  g_pfnVectors                  
00000bd1  main                          
00000c9d  memcpy                        


GLOBAL SYMBOLS: SORTED BY Symbol Address 

address   name                          
-------   ----                          
00000000  __TI_static_base__            
00000000  g_pfnVectors                  
00000200  __STACK_SIZE                  
0000026d  GPIO_Init                     
000002d7  GPIO_SetPortDirection         
000004f9  GPIO_SetPinDirection          
00000809  GPIO_SetPortValue             
00000875  GPIO_SetPinValue              
000009d1  GPIO_GetPortValue             
00000a59  GPIO_GetPinValue              
00000bd1  main                          
00000c9d  __aeabi_memcpy                
00000c9d  __aeabi_memcpy4               
00000c9d  __aeabi_memcpy8               
00000c9d  memcpy                        
00000d39  __TI_decompress_lzss          
00000da1  __TI_auto_init_nobinit_nopinit
00000de5  _c_int00_noargs               
00000e19  __TI_decompress_none          
00000e27  ResetISR                      
00000e33  _system_pre_init              
00000e37  C$$EXIT                       
00000e37  abort                         
00000e40  __TI_Handler_Table_Base       
00000e48  __TI_Handler_Table_Limit      
00000e50  __TI_CINIT_Base               
00000e58  __TI_CINIT_Limit              
20000000  __stack                       
20000200  __STACK_END                   
20000200  __STACK_TOP                   
ffffffff  __TI_pprof_out_hndl           
ffffffff  __TI_prof_data_size           
ffffffff  __TI_prof_data_start          
ffffffff  __binit__                     
ffffffff  __c_args__                    
ffffffff  binit                         
UNDEFED   __mpu_init                    
UNDEFED   _system_post_cinit            

[38 symbols]
