******************************************************************************
                  TI ARM Linker PC v18.12.4                    
******************************************************************************
>> Linked Mon Feb 24 22:58:56 2020

OUTPUT FILE NAME:   <GPTM.out>
ENTRY POINT SYMBOL: "_c_int00_noargs"  address: 00000e35


MEMORY CONFIGURATION

         name            origin    length      used     unused   attr    fill
----------------------  --------  ---------  --------  --------  ----  --------
  FLASH                 00000000   00040000  00000ed6  0003f12a  R  X
  SRAM                  20000000   00008000  00000226  00007dda  RW X


SEGMENT ALLOCATION MAP

run origin  load origin   length   init length attrs members
----------  ----------- ---------- ----------- ----- -------
00000000    00000000    00000ed8   00000ed8    r-x
  00000000    00000000    0000026c   0000026c    r-- .intvecs
  0000026c    0000026c    00000c3a   00000c3a    r-x .text
  00000ea8    00000ea8    00000030   00000030    r-- .cinit
20000000    20000000    00000226   00000000    rw-
  20000000    20000000    00000200   00000000    rw- .stack
  20000200    20000200    00000020   00000000    rw- .bss
  20000220    20000220    00000006   00000000    rw- .data


SECTION ALLOCATION MAP

 output                                  attributes/
section   page    origin      length       input sections
--------  ----  ----------  ----------   ----------------
.intvecs   0    00000000    0000026c     
                  00000000    0000026c     tm4c123gh6pm_startup_ccs.obj (.intvecs)

.text      0    0000026c    00000c3a     
                  0000026c    000009b0     GPIO.obj (.text)
                  00000c1c    000000d0     main.obj (.text)
                  00000cec    0000009c     rtsv7M4_T_le_v4SPD16_eabi.lib : memcpy_t2.asm.obj (.text)
                  00000d88    00000068                                   : copy_decompress_lzss.c.obj (.text:decompress:lzss:__TI_decompress_lzss)
                  00000df0    00000044                                   : autoinit.c.obj (.text:__TI_auto_init_nobinit_nopinit:__TI_auto_init_nobinit_nopinit)
                  00000e34    00000034                                   : boot_cortex_m.c.obj (.text:_c_int00_noargs:_c_int00_noargs)
                  00000e68    0000001c                                   : copy_zero_init.c.obj (.text:decompress:ZI:__TI_zero_init_nomemset:__TI_zero_init_nomemset)
                  00000e84    0000000e                                   : copy_decompress_none.c.obj (.text:decompress:none:__TI_decompress_none)
                  00000e92    0000000c     tm4c123gh6pm_startup_ccs.obj (.text)
                  00000e9e    00000004     rtsv7M4_T_le_v4SPD16_eabi.lib : pre_init.c.obj (.text:_system_pre_init)
                  00000ea2    00000004                                   : exit.c.obj (.text:abort:abort)

.cinit     0    00000ea8    00000030     
                  00000ea8    0000000c     (__TI_handler_table)
                  00000eb4    00000004     --HOLE-- [fill = 0]
                  00000eb8    00000008     (.cinit..bss.load) [load image, compression = zero_init]
                  00000ec0    00000007     (.cinit..data.load) [load image, compression = lzss]
                  00000ec7    00000001     --HOLE-- [fill = 0]
                  00000ec8    00000010     (__TI_cinit_table)

.init_array 
*          0    00000000    00000000     UNINITIALIZED

.bss       0    20000200    00000020     UNINITIALIZED
                  20000200    00000020     GPIO.obj (.bss:interrupt_bits)

.data      0    20000220    00000006     UNINITIALIZED
                  20000220    00000006     GPIO.obj (.data:BusSelection)

.stack     0    20000000    00000200     UNINITIALIZED
                  20000000    00000004     rtsv7M4_T_le_v4SPD16_eabi.lib : boot_cortex_m.c.obj (.stack)
                  20000004    000001fc     --HOLE--

MODULE SUMMARY

       Module                         code   ro data   rw data
       ------                         ----   -------   -------
    .\
       GPIO.obj                       2480   0         38     
       tm4c123gh6pm_startup_ccs.obj   12     620       0      
       main.obj                       208    0         0      
    +--+------------------------------+------+---------+---------+
       Total:                         2700   620       38     
                                                              
    C:\ti\ccs920\ccs\tools\compiler\ti-cgt-arm_18.12.4.LTS\lib\rtsv7M4_T_le_v4SPD16_eabi.lib
       memcpy_t2.asm.obj              156    0         0      
       copy_decompress_lzss.c.obj     104    0         0      
       autoinit.c.obj                 68     0         0      
       boot_cortex_m.c.obj            52     0         0      
       copy_zero_init.c.obj           28     0         0      
       copy_decompress_none.c.obj     14     0         0      
       exit.c.obj                     4      0         0      
       pre_init.c.obj                 4      0         0      
    +--+------------------------------+------+---------+---------+
       Total:                         430    0         0      
                                                              
       Stack:                         0      0         512    
       Linker Generated:              0      43        0      
    +--+------------------------------+------+---------+---------+
       Grand Total:                   3130   663       550    


LINKER GENERATED COPY TABLES

__TI_cinit_table @ 00000ec8 records: 2, size/record: 8, table size: 16
	.bss: load addr=00000eb8, load size=00000008 bytes, run addr=20000200, run size=00000020 bytes, compression=zero_init
	.data: load addr=00000ec0, load size=00000007 bytes, run addr=20000220, run size=00000006 bytes, compression=lzss


LINKER GENERATED HANDLER TABLE

__TI_handler_table @ 00000ea8 records: 3, size/record: 4, table size: 12
	index: 0, handler: __TI_decompress_lzss
	index: 1, handler: __TI_decompress_none
	index: 2, handler: __TI_zero_init


GLOBAL SYMBOLS: SORTED ALPHABETICALLY BY Name 

address   name                          
-------   ----                          
00000ea3  C$$EXIT                       
000002dd  GPIOBusGet                    
0000026d  GPIOBusSet                    
00000571  GPIOClockGet                  
00000539  GPIOClockReset                
00000501  GPIOClockSet                  
0000040d  GPIODirectionGet              
0000030d  GPIODirectionModeSet          
00000b31  GPIOF_ISR                     
00000487  GPIOModeGet                   
0000071f  GPIORead                      
00000793  GPIOWrite                     
00000819  GPIO_ConfigInterrupt          
000005b9  GPIO_PadSet                   
00000ae9  GPIO_SetIntHandler            
00000e93  ResetISR                      
00000c93  TIMER0_Handler                
20000200  __STACK_END                   
00000200  __STACK_SIZE                  
20000200  __STACK_TOP                   
00000ec8  __TI_CINIT_Base               
00000ed8  __TI_CINIT_Limit              
00000ea8  __TI_Handler_Table_Base       
00000eb4  __TI_Handler_Table_Limit      
00000df1  __TI_auto_init_nobinit_nopinit
00000d89  __TI_decompress_lzss          
00000e85  __TI_decompress_none          
ffffffff  __TI_pprof_out_hndl           
ffffffff  __TI_prof_data_size           
ffffffff  __TI_prof_data_start          
00000000  __TI_static_base__            
00000e69  __TI_zero_init_nomemset       
00000ced  __aeabi_memcpy                
00000ced  __aeabi_memcpy4               
00000ced  __aeabi_memcpy8               
ffffffff  __binit__                     
ffffffff  __c_args__                    
UNDEFED   __mpu_init                    
20000000  __stack                       
00000e35  _c_int00_noargs               
UNDEFED   _system_post_cinit            
00000e9f  _system_pre_init              
00000ea3  abort                         
ffffffff  binit                         
00000000  g_pfnVectors                  
00000c1d  main                          
00000ced  memcpy                        


GLOBAL SYMBOLS: SORTED BY Symbol Address 

address   name                          
-------   ----                          
00000000  __TI_static_base__            
00000000  g_pfnVectors                  
00000200  __STACK_SIZE                  
0000026d  GPIOBusSet                    
000002dd  GPIOBusGet                    
0000030d  GPIODirectionModeSet          
0000040d  GPIODirectionGet              
00000487  GPIOModeGet                   
00000501  GPIOClockSet                  
00000539  GPIOClockReset                
00000571  GPIOClockGet                  
000005b9  GPIO_PadSet                   
0000071f  GPIORead                      
00000793  GPIOWrite                     
00000819  GPIO_ConfigInterrupt          
00000ae9  GPIO_SetIntHandler            
00000b31  GPIOF_ISR                     
00000c1d  main                          
00000c93  TIMER0_Handler                
00000ced  __aeabi_memcpy                
00000ced  __aeabi_memcpy4               
00000ced  __aeabi_memcpy8               
00000ced  memcpy                        
00000d89  __TI_decompress_lzss          
00000df1  __TI_auto_init_nobinit_nopinit
00000e35  _c_int00_noargs               
00000e69  __TI_zero_init_nomemset       
00000e85  __TI_decompress_none          
00000e93  ResetISR                      
00000e9f  _system_pre_init              
00000ea3  C$$EXIT                       
00000ea3  abort                         
00000ea8  __TI_Handler_Table_Base       
00000eb4  __TI_Handler_Table_Limit      
00000ec8  __TI_CINIT_Base               
00000ed8  __TI_CINIT_Limit              
20000000  __stack                       
20000200  __STACK_END                   
20000200  __STACK_TOP                   
ffffffff  __TI_pprof_out_hndl           
ffffffff  __TI_prof_data_size           
ffffffff  __TI_prof_data_start          
ffffffff  __binit__                     
ffffffff  __c_args__                    
ffffffff  binit                         
UNDEFED   __mpu_init                    
UNDEFED   _system_post_cinit            

[47 symbols]
